#-----------------------------------------------------------
# updatemem v2017.4 (64-bit)
# SW Build 2086221 on Fri Dec 15 20:54:30 MST 2017
# 
# Start of session at: Sun Oct  4 01:14:40 2020
# Process ID: 4742
# Current directory: /home/tomal/Desktop/BUILDTEEcode/test_project/code-build-your-own-TEE/tools
# Command line: updatemem -mode batch -source /opt/Xilinx/SDK/2017.4/scripts/updatemem/main.tcl -notrace -tclargs -meminfo /home/tomal/Desktop/BUILDTEEcode/mitre/2020-ectf-insecure-example/mb/Cora-Z7-07S/system_wrapper.mmi -data /home/tomal/Desktop/BUILDTEEcode/mitre/2020-ectf-insecure-example/mb/drm_audio_fw/Debug/drm_audio_fw.elf -proc system_i/microblaze_0 -bit /home/tomal/Desktop/BUILDTEEcode/mitre/2020-ectf-insecure-example/mb/Cora-Z7-07S/system_wrapper.bit -out /home/tomal/Desktop/BUILDTEEcode/mitre/2020-ectf-insecure-example/mb/Cora-Z7-07S/download.bit -force
# Log file: /home/tomal/Desktop/BUILDTEEcode/test_project/code-build-your-own-TEE/tools/updatemem.log
# Journal file: /home/tomal/Desktop/BUILDTEEcode/test_project/code-build-your-own-TEE/tools/updatemem.jou
#-----------------------------------------------------------
source /opt/Xilinx/SDK/2017.4/scripts/updatemem/main.tcl -notrace
